ODP.NET/bin/2.x/OraProvCfg.exe
ODP.NET/bin/4/OraProvCfg.exe
QOpatch/qopiprep.bat
assistants/jlib/assistantsCommon.jar
assistants/jlib/asstcommonext.jar
assistants/netca/jlib/netca.jar
bin/CommonSetup.pm
bin/ORANCRYPT19D.DLL
bin/ORASLAX19.DLL
bin/OraOLEDB19.dll
bin/OraOLEDB19us.dll
bin/OraOLEDBOLAP.dll
bin/OraOLEDBOLAPpus.dll
bin/OraOLEDBOLAPus.dll
bin/OraOLEDBpus19.dll
bin/OracleAdNetConnect.exe
bin/OracleAdNetConnectRCD.dll
bin/OracleAdNetConnectRCE.dll
bin/OracleAdNetConnectRCF.dll
bin/OracleAdNetConnectRCI.dll
bin/OracleAdNetConnectRCJA.dll
bin/OracleAdNetConnectRCKO.dll
bin/OracleAdNetConnectRCPTB.dll
bin/OracleAdNetConnectRCUS.dll
bin/OracleAdNetConnectRCZHS.dll
bin/OracleAdNetTest.exe
bin/OracleAdNetTestRCD.dll
bin/OracleAdNetTestRCE.dll
bin/OracleAdNetTestRCF.dll
bin/OracleAdNetTestRCI.dll
bin/OracleAdNetTestRCJA.dll
bin/OracleAdNetTestRCKO.dll
bin/OracleAdNetTestRCPTB.dll
bin/OracleAdNetTestRCUS.dll
bin/OracleAdNetTestRCZHS.dll
bin/RemoteExecService.exe
bin/adrci.exe
bin/ccme_asym.dll
bin/ccme_base.dll
bin/ccme_ecc.dll
bin/ccme_ecc_accel_fips.dll
bin/corejava.dll
bin/cryptocme.dll
bin/cryptocme.sig
bin/extjob.exe
bin/extjobo.exe
bin/genezi.exe
bin/getcrshome.exe
bin/instOracle.key
bin/loadpsp.exe
bin/lsnodes.exe
bin/oci.dll.dbl
bin/ociw32.dll.dbl
bin/okdstry.exe
bin/okinit.exe
bin/oklist.exe
bin/onsclient.dll
bin/onsctl.bat
bin/oraasmclnt19.dll
bin/orabaseconfig.exe
bin/orabasehome.exe
bin/oracell19.dll
bin/oraclient19.dll
bin/oraclsce19.dll
bin/oraclscred19.dll
bin/oraclsnsjni19.dll
bin/oracommon19.dll
bin/oracore19.dll
bin/oradbcfg19.dll
bin/oraedtn19_cee.dll.dbl
bin/oraedtn19_cse.dll.dbl
bin/oraedtn19_ent.dll.dbl
bin/oraedtn19_pe.dll.dbl
bin/oraedtn19_std.dll.dbl
bin/oraeons.dll
bin/orageneric19.dll
bin/oragns19.dll
bin/oragnsjni19.dll
bin/orahasgen19.dll
bin/orahomeuserctl.bat
bin/oraimr19.dll
bin/oraipc1.dll
bin/orajmisc.dll
bin/oraldapclnt19.dll
bin/oraldapjclnt19.dll
bin/oralxled.dll
bin/oramql1.dll
bin/oramts_deinst.exe
bin/oramtsctl.exe
bin/oramysql19.dll
bin/oran19.dll
bin/oranad19.dll
bin/oranbeq19.dll
bin/orancds19.dll
bin/orancrypt19_ee.dll.dbl
bin/orangsmshd19.dll
bin/oranhost19.dll
bin/oranipc19.dll
bin/oranjni19.dll
bin/oranl19.dll
bin/oranldap19.dll
bin/oranldapj19.dll
bin/oranls19.dll
bin/orannmp19.dll
bin/orannzmcs19.dll
bin/orannzsbb19.dll
bin/oranro19.dll
bin/oransgr19.dll
bin/orantcp19.dll
bin/orantcps19.dll
bin/orantns19.dll
bin/orantwss19.dll
bin/oraocci19.dll
bin/oraocci19d.dll
bin/oraocr19.dll
bin/oraocrb19.dll
bin/oraocrutl19.dll
bin/oraofs.dll
bin/oraons.dll
bin/oraonsx.dll
bin/oraoobjlib.dll
bin/oraplc19.dll
bin/oraplp19.dll
bin/orapls19.dll
bin/orardjni19.dll
bin/orasnls19.dll
bin/orasql19.dll
bin/orasql8.dll
bin/orasrvm19.dll
bin/orasrvmcred19.dll
bin/orasrvmhas19.dll
bin/orasrvmocr19.dll
bin/orauini19.dll
bin/oraunls19.dll
bin/orauts.dll
bin/orauts.sym
bin/oraversion.exe
bin/oravsn.dll
bin/oravsn19.dll
bin/oravssmsg.dll
bin/oravssmsgus.dll
bin/oravssw.exe
bin/orawsec19.dll
bin/orawsecmsgus.dll
bin/oraxml19.dll
bin/orazt19.dll
bin/oraztkg19.dll
bin/orion.exe
bin/owm2.dll
bin/registerDll.bat.sbs
bin/tnnfg.exe.dbl
bin/tnsping.exe
bin/uidrvci.exe
bin/wrc.exe
clone/bin/clone.pl
clone/bin/prepare_clone.pl
clone/clone_oraparam.ini.sbs
clone/config/cs.properties
crs/install/s_crsconfig_defs
crs/install/s_crsutils.pm
crs/install/s_oraocr.pm
crs/install/s_oraolr.pm
crs/sbs/clsrwrap.sbs
crs/sbs/localconfig.bat.sbs
crs/sbs/srvctl.sbs
cv/admin/cvu_config
cv/admin/cvusys.sql
cv/cvdata/101/crsinst_prereq.xml
cv/cvdata/101/dbcfg_prereq.xml
cv/cvdata/101/dbinst_prereq.xml
cv/cvdata/101/ora_software_cfg.xml
cv/cvdata/101/sihainst_prereq.xml
cv/cvdata/102/crsinst_prereq.xml
cv/cvdata/102/dbcfg_prereq.xml
cv/cvdata/102/dbinst_prereq.xml
cv/cvdata/102/ora_software_cfg.xml
cv/cvdata/102/sihainst_prereq.xml
cv/cvdata/111/crsinst_prereq.xml
cv/cvdata/111/dbcfg_prereq.xml
cv/cvdata/111/dbinst_prereq.xml
cv/cvdata/111/ora_software_cfg.xml
cv/cvdata/111/sihainst_prereq.xml
cv/cvdata/112/crsinst_prereq.xml
cv/cvdata/112/dbcfg_prereq.xml
cv/cvdata/112/dbinst_prereq.xml
cv/cvdata/112/ora_software_cfg.xml
cv/cvdata/112/sihainst_prereq.xml
cv/cvdata/121/crsinst_prereq.xml
cv/cvdata/121/dbcfg_prereq.xml
cv/cvdata/121/dbinst_prereq.xml
cv/cvdata/121/ora_software_cfg.xml
cv/cvdata/121/sihainst_prereq.xml
cv/cvdata/122/crsinst_prereq.xml
cv/cvdata/122/dbcfg_prereq.xml
cv/cvdata/122/dbinst_prereq.xml
cv/cvdata/122/ora_software_cfg.xml
cv/cvdata/122/sihainst_prereq.xml
cv/cvdata/18/crsinst_prereq.xml
cv/cvdata/18/dbcfg_prereq.xml
cv/cvdata/18/dbinst_prereq.xml
cv/cvdata/18/ora_software_cfg.xml
cv/cvdata/18/sihainst_prereq.xml
cv/cvdata/19/crsinst_prereq.xml
cv/cvdata/19/dbcfg_prereq.xml
cv/cvdata/19/dbinst_prereq.xml
cv/cvdata/19/ora_software_cfg.xml
cv/cvdata/19/sihainst_prereq.xml
cv/cvdata/admin.dtd
cv/cvdata/admin.xml
cv/cvdata/constraints.dtd
cv/cvdata/constraints.xml
cv/cvdata/cvu_prereq.xml
cv/cvdata/ora_software_cfg.xml
cv/cvdata/prereq.xsd
cv/cvdata/responsevars.xml
cv/cvdata/responsevars.xsd
cv/cvdata/taskdefinition.xml
cv/cvdata/taskfactory.xsd
cv/cvdata/taskplacement.xml
cv/cvdata/variables.xml
cv/cvdata/variables.xsd
cv/cvutl/check_nodeadd.pl
cv/remenv/cvuhelper.bat
cv/remenv/exectask.bat
cv/remenv/exectask.exe
cv/remenv/jlib/cvuhelper102.jar
cv/remenv/jlib/cvuhelper111.jar
cv/remenv/jlib/cvuhelper112.jar
cv/remenv/jlib/cvuhelper121.jar
cv/remenv/jlib/cvuhelper122.jar
cv/remenv/jlib/cvuhelper18.jar
cv/remenv/jlib/cvuhelper19.jar
cv/remenv/pluggable/check_afd_drivers.bat
cv/remenv/pluggable/common_include.bat
cv/remenv/pluggable/remove_cvuresource_baseline.bat
deinstall/bin/oracle.key
deinstall/bootstrap.pl
deinstall/bootstrap_files.lst
deinstall/deinstall.bat
deinstall/deinstall.pl
deinstall/deinstall.xml
deinstall/jlib/deinstall_core.jar
deinstall/jlib/deinstall_wrapper.jar
deinstall/jlib/ldapjclnt19.jar
deinstall/jlib/netcfg.jar
deinstall/readme.txt
deinstall/response/deinstall.rsp.tmpl
deinstall/utl/bootstrap.bat
deinstall/utl/cleanup_bootstrap.bat
deinstall/utl/orabase_cleanup.lst
deinstall/utl/registry_cleanup.lst
deinstall/utl/service_cleanup_exclude.lst
deinstall/utl/startup.bat
deinstall/utl/winprod_cleanup.bat
has/mesg/catus.msg
has/mesg/clsdd.msb
has/mesg/clsde.msb
has/mesg/clsdf.msb
has/mesg/clsdi.msb
has/mesg/clsdja.msb
has/mesg/clsdko.msb
has/mesg/clsdptb.msb
has/mesg/clsdus.msb
has/mesg/clsdus.msg
has/mesg/clsdzhs.msb
has/mesg/clsdzht.msb
has/mesg/clsgnd.msb
has/mesg/clsgne.msb
has/mesg/clsgnf.msb
has/mesg/clsgni.msb
has/mesg/clsgnja.msb
has/mesg/clsgnko.msb
has/mesg/clsgnptb.msb
has/mesg/clsgnus.msb
has/mesg/clsgnus.msg
has/mesg/clsgnzhs.msb
has/mesg/clsgnzht.msb
has/mesg/clsnsd.msb
has/mesg/clsnse.msb
has/mesg/clsnsf.msb
has/mesg/clsnsi.msb
has/mesg/clsnsja.msb
has/mesg/clsnsko.msb
has/mesg/clsnsptb.msb
has/mesg/clsnsus.msb
has/mesg/clsnsus.msg
has/mesg/clsnszhs.msb
has/mesg/clsnszht.msb
has/mesg/clstd.msb
has/mesg/clste.msb
has/mesg/clstf.msb
has/mesg/clsti.msb
has/mesg/clstja.msb
has/mesg/clstko.msb
has/mesg/clstptb.msb
has/mesg/clstus.msb
has/mesg/clstus.msg
has/mesg/clstzhs.msb
has/mesg/clstzht.msb
has/mesg/clsud.msb
has/mesg/clsue.msb
has/mesg/clsuf.msb
has/mesg/clsui.msb
has/mesg/clsuja.msb
has/mesg/clsuko.msb
has/mesg/clsuptb.msb
has/mesg/clsuus.msb
has/mesg/clsuus.msg
has/mesg/clsuzhs.msb
has/mesg/clsuzht.msb
has/mesg/clswd.msb
has/mesg/clswe.msb
has/mesg/clswf.msb
has/mesg/clswi.msb
has/mesg/clswja.msb
has/mesg/clswko.msb
has/mesg/clswptb.msb
has/mesg/clswsd.msb
has/mesg/clswse.msb
has/mesg/clswsf.msb
has/mesg/clswsi.msb
has/mesg/clswsja.msb
has/mesg/clswsko.msb
has/mesg/clswsptb.msb
has/mesg/clswsus.msb
has/mesg/clswsus.msg
has/mesg/clswszhs.msb
has/mesg/clswszht.msb
has/mesg/clswus.msb
has/mesg/clswzhs.msb
has/mesg/clswzht.msb
has/mesg/clszmd.msb
has/mesg/clszme.msb
has/mesg/clszmf.msb
has/mesg/clszmi.msb
has/mesg/clszmja.msb
has/mesg/clszmko.msb
has/mesg/clszmptb.msb
has/mesg/clszmus.msb
has/mesg/clszmus.msg
has/mesg/clszmzhs.msb
has/mesg/clszmzht.msb
has/mesg/cskmus.msg
has/mesg/gipcd.msb
has/mesg/gipce.msb
has/mesg/gipcf.msb
has/mesg/gipci.msb
has/mesg/gipcja.msb
has/mesg/gipcko.msb
has/mesg/gipcptb.msb
has/mesg/gipcus.msb
has/mesg/gipcus.msg
has/mesg/gipczhs.msb
has/mesg/gipczht.msb
has/mesg/odigd.msb
has/mesg/odige.msb
has/mesg/odigf.msb
has/mesg/odigi.msb
has/mesg/odigja.msb
has/mesg/odigko.msb
has/mesg/odigptb.msb
has/mesg/odigus.msb
has/mesg/odigus.msg
has/mesg/odigzhs.msb
has/mesg/odigzht.msb
has/mesg/rded.msb
has/mesg/rdee.msb
has/mesg/rdef.msb
has/mesg/rdei.msb
has/mesg/rdeja.msb
has/mesg/rdeko.msb
has/mesg/rdeptb.msb
has/mesg/rdeus.msb
has/mesg/rdeus.msg
has/mesg/rdezhs.msb
has/mesg/rdezht.msb
install/acls/oracle.has.common.cvu.acl
install/acls/oracle.ons.acl
install/acls/oracle.rdbms.rsf.acl
install/acls/oracle.xdk.rsf.acl
install/config/oracle.rdbms.util.xml
install/jlib/emCoreConsole.jar
install/jlib/installcommons_1.0.0b.jar
install/jlib/instclient.jar
install/jlib/instcommon.jar
install/jlib/instcrs.jar
install/jlib/instdb.jar
install/jlib/pilot_1.0.0b.jar
install/mesg/insus.msg
jlib/chaconfig.jar
jlib/clsce.jar
jlib/clscred.jar
jlib/cvu.jar
jlib/cvuhelper102.jar
jlib/cvuhelper111.jar
jlib/cvuhelper112.jar
jlib/cvuhelper121.jar
jlib/cvuhelper122.jar
jlib/cvuhelper18.jar
jlib/cvuhelper19.jar
jlib/ewt3.jar
jlib/gns.jar
jlib/homeuserctl.jar
jlib/identitystore.jar
jlib/identityutils.jar
jlib/ldapjclnt19.jar
jlib/netcfg.jar
jlib/ojmisc.jar
jlib/ojpse.jar
jlib/opm.jar
jlib/rd.jar
jlib/rdtool.jar
jlib/srvm.jar
jlib/srvmasm.jar
jlib/srvmhas.jar
jlib/supercluster-common.jar
jlib/supercluster.jar
ldap/mesg/ldapar.msb
ldap/mesg/ldapcs.msb
ldap/mesg/ldapd.msb
ldap/mesg/ldapdk.msb
ldap/mesg/ldape.msb
ldap/mesg/ldapel.msb
ldap/mesg/ldapf.msb
ldap/mesg/ldaphu.msb
ldap/mesg/ldapi.msb
ldap/mesg/ldapiw.msb
ldap/mesg/ldapja.msb
ldap/mesg/ldapko.msb
ldap/mesg/ldapn.msb
ldap/mesg/ldapnl.msb
ldap/mesg/ldappl.msb
ldap/mesg/ldappt.msb
ldap/mesg/ldapptb.msb
ldap/mesg/ldapro.msb
ldap/mesg/ldapru.msb
ldap/mesg/ldaps.msb
ldap/mesg/ldapsf.msb
ldap/mesg/ldapsk.msb
ldap/mesg/ldapth.msb
ldap/mesg/ldaptr.msb
ldap/mesg/ldapus.msb
ldap/mesg/ldapzhs.msb
ldap/mesg/ldapzht.msb
ldap/mesg/nzar.msb
ldap/mesg/nzcs.msb
ldap/mesg/nzd.msb
ldap/mesg/nzdk.msb
ldap/mesg/nze.msb
ldap/mesg/nzel.msb
ldap/mesg/nzf.msb
ldap/mesg/nzhu.msb
ldap/mesg/nzi.msb
ldap/mesg/nziw.msb
ldap/mesg/nzja.msb
ldap/mesg/nzko.msb
ldap/mesg/nzn.msb
ldap/mesg/nznl.msb
ldap/mesg/nzpl.msb
ldap/mesg/nzpt.msb
ldap/mesg/nzptb.msb
ldap/mesg/nzro.msb
ldap/mesg/nzru.msb
ldap/mesg/nzs.msb
ldap/mesg/nzsf.msb
ldap/mesg/nzsk.msb
ldap/mesg/nzth.msb
ldap/mesg/nztr.msb
ldap/mesg/nzus.msb
ldap/mesg/nzzhs.msb
ldap/mesg/nzzht.msb
ldap/schema/ad/adContextCreate.lst
ldap/schema/ad/adContextCreateCommon.sbs
ldap/schema/ad/adContextUpgradeFrom81600.lst
ldap/schema/ad/adContextUpgradeFrom81600Common.sbs
ldap/schema/ad/adDisplaySpecifiersCreate.lst
ldap/schema/ad/adDisplaySpecifiers_de.sbs
ldap/schema/ad/adDisplaySpecifiers_es.sbs
ldap/schema/ad/adDisplaySpecifiers_fr.sbs
ldap/schema/ad/adDisplaySpecifiers_it.sbs
ldap/schema/ad/adDisplaySpecifiers_ja.sbs
ldap/schema/ad/adDisplaySpecifiers_ko.sbs
ldap/schema/ad/adDisplaySpecifiers_other.sbs
ldap/schema/ad/adDisplaySpecifiers_pt_BR.sbs
ldap/schema/ad/adDisplaySpecifiers_us.sbs
ldap/schema/ad/adDisplaySpecifiers_zh_CN.sbs
ldap/schema/ad/adSchemaCreate.lst
ldap/schema/ad/adSchemaCreateAux.lst
ldap/schema/ad/adSchemaCreateAux.sbs
ldap/schema/ad/adSchemaCreateBase.sbs
ldap/schema/ad/adSchemaCreateNet.sbs
ldap/schema/ad/adSchemaCreateRDBMS.sbs
ldap/schema/ad/adSchemaUpgradeFrom81600.lst
ldap/schema/ad/adSchemaUpgradeFrom81600Base.sbs
ldap/schema/ad/adSchemaUpgradeFrom81600Net.sbs
ldap/schema/ad/adSchemaUpgradeFrom81600RDBMS.sbs
ldap/schema/oid/flattenlst.pl
ldap/schema/oid/oidADIntegration.sbs
ldap/schema/oid/oidContextCreate.lst
ldap/schema/oid/oidContextCreate90100Changes.lst
ldap/schema/oid/oidContextCreate90110Changes.lst
ldap/schema/oid/oidContextCreate90230Changes.lst
ldap/schema/oid/oidContextCreate90400Changes.lst
ldap/schema/oid/oidContextCreate90500Changes.lst
ldap/schema/oid/oidContextCreateCommon.sbs
ldap/schema/oid/oidContextCreateDefault90510.sbs
ldap/schema/oid/oidContextToRealm.lst
ldap/schema/oid/oidContextToRealmAuxDIT.sbs
ldap/schema/oid/oidContextUpgradeFrom101200.lst
ldap/schema/oid/oidContextUpgradeFrom101200Common.sbs
ldap/schema/oid/oidContextUpgradeFrom81600.lst
ldap/schema/oid/oidContextUpgradeFrom81600Common.sbs
ldap/schema/oid/oidContextUpgradeFrom90000.lst
ldap/schema/oid/oidContextUpgradeFrom90000Common.sbs
ldap/schema/oid/oidContextUpgradeFrom90000EMAILSRVR.lst
ldap/schema/oid/oidContextUpgradeFrom90000EMAILSRVR.sbs
ldap/schema/oid/oidContextUpgradeFrom90000JAZN.lst
ldap/schema/oid/oidContextUpgradeFrom90000JAZN.sbs
ldap/schema/oid/oidContextUpgradeFrom90000UMSRVR.lst
ldap/schema/oid/oidContextUpgradeFrom90000UMSRVR.sbs
ldap/schema/oid/oidContextUpgradeFrom90100.lst
ldap/schema/oid/oidContextUpgradeFrom90100Common.sbs
ldap/schema/oid/oidContextUpgradeFrom90100PKI.sbs
ldap/schema/oid/oidContextUpgradeFrom90100RDBMS.sbs
ldap/schema/oid/oidContextUpgradeFrom90110.lst
ldap/schema/oid/oidContextUpgradeFrom90110Common.sbs
ldap/schema/oid/oidContextUpgradeFrom90230.lst
ldap/schema/oid/oidContextUpgradeFrom90230Common.sbs
ldap/schema/oid/oidContextUpgradeFrom90230EMAILSRVR.sbs
ldap/schema/oid/oidContextUpgradeFrom90230JAZN.lst
ldap/schema/oid/oidContextUpgradeFrom90230JAZN.sbs
ldap/schema/oid/oidContextUpgradeFrom90400.lst
ldap/schema/oid/oidContextUpgradeFrom90400Common.sbs
ldap/schema/oid/oidContextUpgradeFrom90400RDBMS.sbs
ldap/schema/oid/oidContextUpgradeFrom90410.lst
ldap/schema/oid/oidContextUpgradeFrom90410Common.sbs
ldap/schema/oid/oidContextUpgradeFrom90410ContextVersion.sbs
ldap/schema/oid/oidContextUpgradeFrom90410JAZN.lst
ldap/schema/oid/oidContextUpgradeFrom90410JAZN.sbs
ldap/schema/oid/oidContextUpgradeFrom90410RDBMS.sbs
ldap/schema/oid/oidContextUpgradeFrom90500.lst
ldap/schema/oid/oidContextUpgradeFrom90510.lst
ldap/schema/oid/oidContextUpgradeFrom90510Common.sbs
ldap/schema/oid/oidContextUpgradeVersionTo90510.sbs
ldap/schema/oid/oidContextUpgradeVersionTo90600.sbs
ldap/schema/oid/oidDefaultSubscriberConfig.sbs
ldap/schema/oid/oidDefaultSubscriberCreate.lst
ldap/schema/oid/oidDefaultSubscriberCreateParentDIT.sbs
ldap/schema/oid/oidDefaultSubscriberDesignate.lst
ldap/schema/oid/oidRealmUserACLs.sbs
ldap/schema/oid/oidRealmUserGroupACLs.sbs
ldap/schema/oid/oidRootACISetup.sbs
ldap/schema/oid/oidRootContextCreate.lst
ldap/schema/oid/oidRootContextCreate.sbs
ldap/schema/oid/oidRootContextCreate90100Changes.lst
ldap/schema/oid/oidRootContextCreate90110Changes.lst
ldap/schema/oid/oidRootContextCreate90230Changes.lst
ldap/schema/oid/oidRootContextCreate90400Changes.lst
ldap/schema/oid/oidRootContextUpgradeFrom90000.lst
ldap/schema/oid/oidRootContextUpgradeFrom90000Common.sbs
ldap/schema/oid/oidRootContextUpgradeFrom90100.lst
ldap/schema/oid/oidRootContextUpgradeFrom90100Common.sbs
ldap/schema/oid/oidRootContextUpgradeFrom90110.lst
ldap/schema/oid/oidRootContextUpgradeFrom90110Common.sbs
ldap/schema/oid/oidRootContextUpgradeFrom90230.lst
ldap/schema/oid/oidRootContextUpgradeFrom90230Common.sbs
ldap/schema/oid/oidSchemaCreate.lst
ldap/schema/oid/oidSchemaCreate90100Changes.lst
ldap/schema/oid/oidSchemaCreate90110Changes.lst
ldap/schema/oid/oidSchemaCreate90230Changes.lst
ldap/schema/oid/oidSchemaCreate90400Changes.lst
ldap/schema/oid/oidSchemaCreateAux.lst
ldap/schema/oid/oidSchemaCreateBase.sbs
ldap/schema/oid/oidSchemaCreateJNDI.sbs
ldap/schema/oid/oidSchemaCreateNet.sbs
ldap/schema/oid/oidSchemaCreateODIP.sbs
ldap/schema/oid/oidSchemaCreatePKCS.sbs
ldap/schema/oid/oidSchemaCreateRDBMS.sbs
ldap/schema/oid/oidSchemaUpgradeFrom81600.lst
ldap/schema/oid/oidSchemaUpgradeFrom81600Base.sbs
ldap/schema/oid/oidSchemaUpgradeFrom81600Net.sbs
ldap/schema/oid/oidSchemaUpgradeFrom81600RDBMS.sbs
ldap/schema/oid/oidSchemaUpgradeFrom90000.lst
ldap/schema/oid/oidSchemaUpgradeFrom90000Base.sbs
ldap/schema/oid/oidSchemaUpgradeFrom90000EMAILSRVR.lst
ldap/schema/oid/oidSchemaUpgradeFrom90000EMAILSRVR.sbs
ldap/schema/oid/oidSchemaUpgradeFrom90000JAZN.lst
ldap/schema/oid/oidSchemaUpgradeFrom90000JAZN.sbs
ldap/schema/oid/oidSchemaUpgradeFrom90000Net.sbs
ldap/schema/oid/oidSchemaUpgradeFrom90000RDBMS.sbs
ldap/schema/oid/oidSchemaUpgradeFrom90000UM.lst
ldap/schema/oid/oidSchemaUpgradeFrom90000UM.sbs
ldap/schema/oid/oidSchemaUpgradeFrom90100.lst
ldap/schema/oid/oidSchemaUpgradeFrom90100Base.sbs
ldap/schema/oid/oidSchemaUpgradeFrom90100Calendar.lst
ldap/schema/oid/oidSchemaUpgradeFrom90100Calendar.sbs
ldap/schema/oid/oidSchemaUpgradeFrom90100EMAILSRVR.lst
ldap/schema/oid/oidSchemaUpgradeFrom90100EMAILSRVR.sbs
ldap/schema/oid/oidSchemaUpgradeFrom90100JAZN.sbs
ldap/schema/oid/oidSchemaUpgradeFrom90100Net.sbs
ldap/schema/oid/oidSchemaUpgradeFrom90110.lst
ldap/schema/oid/oidSchemaUpgradeFrom90110Base.sbs
ldap/schema/oid/oidSchemaUpgradeFrom90110Calendar.lst
ldap/schema/oid/oidSchemaUpgradeFrom90110Calendar.sbs
ldap/schema/oid/oidSchemaUpgradeFrom90110EMAILSRVR.lst
ldap/schema/oid/oidSchemaUpgradeFrom90110EMAILSRVR.sbs
ldap/schema/oid/oidSchemaUpgradeFrom90110ODIP.sbs
ldap/schema/oid/oidSchemaUpgradeFrom90110PKI.sbs
ldap/schema/oid/oidSchemaUpgradeFrom90110RDBMS.sbs
ldap/schema/oid/oidSchemaUpgradeFrom90230.lst
ldap/schema/oid/oidSchemaUpgradeFrom90230Base.sbs
ldap/schema/oid/oidSubCreateJAZN.sbs
ldap/schema/oid/oidSubscriberCreate.lst
ldap/schema/oid/oidSubscriberCreateAuxDIT.lst
ldap/schema/oid/oidSubscriberCreateAuxDIT.sbs
ldap/schema/oid/oidSubscriberCreateAuxDITUpgradeFrom90100.lst
ldap/schema/oid/oidSubscriberCreateAuxDITUpgradeFrom90100.sbs
ldap/schema/oid/oidSubscriberCreateCommon.lst
ldap/schema/oid/oidSubscriberCreateCommon.sbs
ldap/schema/oid/oidSubscriberCreateCommonUpgradeFrom90100.lst
ldap/schema/oid/oidSubscriberCreateCommonUpgradeFrom90100.sbs
ldap/schema/oid/oidSubscriberCreateCommonUpgradeFrom90110.lst
ldap/schema/oid/oidSubscriberCreateCommonUpgradeFrom90110.sbs
ldap/schema/oid/oidSubscriberCreateCommonUpgradeFrom90510.lst
ldap/schema/oid/oidSubscriberCreateCommonUpgradeFrom90510.sbs
ldap/schema/oid/oidSubscriberCreateEntry.sbs
ldap/schema/oid/oidSubscriberCreateJAZN.sbs
ldap/schema/versions.txt
lib/facility.lis
lib/orabz2.a
lib/oraclscest19.a
lib/oracore19.lib
lib/oraldapjclnt19.a
lib/oralz4.a
lib/oralzopro5.a
lib/oramysql19.lib
lib/oraoevm.a
lib/oraxml19.lib
lib/orazip.a
lib/orazlib.a
lib/orazstd.a
network/jlib/netentrust8.jar.dbl
network/jlib/netradius8.jar
network/mesg/naukus.msb
network/mesg/naukus.msg
network/mesg/nlar.msb
network/mesg/nlcs.msb
network/mesg/nld.msb
network/mesg/nldk.msb
network/mesg/nle.msb
network/mesg/nlel.msb
network/mesg/nlf.msb
network/mesg/nlhu.msb
network/mesg/nli.msb
network/mesg/nliw.msb
network/mesg/nlja.msb
network/mesg/nlko.msb
network/mesg/nln.msb
network/mesg/nlnl.msb
network/mesg/nlpl.msb
network/mesg/nlpt.msb
network/mesg/nlptb.msb
network/mesg/nlro.msb
network/mesg/nlru.msb
network/mesg/nls.msb
network/mesg/nlsf.msb
network/mesg/nlsk.msb
network/mesg/nlth.msb
network/mesg/nltr.msb
network/mesg/nlus.msb
network/mesg/nlzhs.msb
network/mesg/nlzht.msb
nls/data/lx00001.nlb
nls/data/lx00002.nlb
nls/data/lx00003.nlb
nls/data/lx00004.nlb
nls/data/lx00005.nlb
nls/data/lx00006.nlb
nls/data/lx00007.nlb
nls/data/lx00008.nlb
nls/data/lx00009.nlb
nls/data/lx0000a.nlb
nls/data/lx0000b.nlb
nls/data/lx0000c.nlb
nls/data/lx0000d.nlb
nls/data/lx0000e.nlb
nls/data/lx0000f.nlb
nls/data/lx00010.nlb
nls/data/lx00011.nlb
nls/data/lx00012.nlb
nls/data/lx00013.nlb
nls/data/lx00014.nlb
nls/data/lx00015.nlb
nls/data/lx00016.nlb
nls/data/lx00017.nlb
nls/data/lx00018.nlb
nls/data/lx00019.nlb
nls/data/lx0001a.nlb
nls/data/lx0001b.nlb
nls/data/lx0001c.nlb
nls/data/lx0001d.nlb
nls/data/lx0001e.nlb
nls/data/lx0001f.nlb
nls/data/lx00020.nlb
nls/data/lx00021.nlb
nls/data/lx00022.nlb
nls/data/lx00023.nlb
nls/data/lx00024.nlb
nls/data/lx00025.nlb
nls/data/lx00026.nlb
nls/data/lx00027.nlb
nls/data/lx00028.nlb
nls/data/lx00029.nlb
nls/data/lx0002a.nlb
nls/data/lx0002b.nlb
nls/data/lx0002c.nlb
nls/data/lx0002d.nlb
nls/data/lx0002e.nlb
nls/data/lx00030.nlb
nls/data/lx00031.nlb
nls/data/lx00032.nlb
nls/data/lx00033.nlb
nls/data/lx00034.nlb
nls/data/lx00035.nlb
nls/data/lx00036.nlb
nls/data/lx00037.nlb
nls/data/lx00038.nlb
nls/data/lx00039.nlb
nls/data/lx0003a.nlb
nls/data/lx0003b.nlb
nls/data/lx0003c.nlb
nls/data/lx0003d.nlb
nls/data/lx0003e.nlb
nls/data/lx0003f.nlb
nls/data/lx00040.nlb
nls/data/lx00041.nlb
nls/data/lx00042.nlb
nls/data/lx00043.nlb
nls/data/lx00044.nlb
nls/data/lx00045.nlb
nls/data/lx00046.nlb
nls/data/lx00047.nlb
nls/data/lx00048.nlb
nls/data/lx00049.nlb
nls/data/lx0004a.nlb
nls/data/lx0004b.nlb
nls/data/lx0004c.nlb
nls/data/lx0004d.nlb
nls/data/lx0004e.nlb
nls/data/lx0004f.nlb
nls/data/lx00050.nlb
nls/data/lx00051.nlb
nls/data/lx00052.nlb
nls/data/lx00053.nlb
nls/data/lx00054.nlb
nls/data/lx0boot.nlb
nls/data/lx10001.nlb
nls/data/lx10002.nlb
nls/data/lx10003.nlb
nls/data/lx10004.nlb
nls/data/lx10005.nlb
nls/data/lx100051.nlb
nls/data/lx10006.nlb
nls/data/lx10007.nlb
nls/data/lx10008.nlb
nls/data/lx10009.nlb
nls/data/lx1000a.nlb
nls/data/lx1000b.nlb
nls/data/lx1000c.nlb
nls/data/lx1000c1.nlb
nls/data/lx1000d.nlb
nls/data/lx1000e.nlb
nls/data/lx1000f.nlb
nls/data/lx10010.nlb
nls/data/lx10011.nlb
nls/data/lx10012.nlb
nls/data/lx10013.nlb
nls/data/lx10014.nlb
nls/data/lx10015.nlb
nls/data/lx10016.nlb
nls/data/lx10017.nlb
nls/data/lx10018.nlb
nls/data/lx10019.nlb
nls/data/lx1001a.nlb
nls/data/lx1001b.nlb
nls/data/lx1001c.nlb
nls/data/lx1001d.nlb
nls/data/lx1001e.nlb
nls/data/lx1001f.nlb
nls/data/lx10020.nlb
nls/data/lx10021.nlb
nls/data/lx10022.nlb
nls/data/lx10023.nlb
nls/data/lx10024.nlb
nls/data/lx10025.nlb
nls/data/lx10026.nlb
nls/data/lx10027.nlb
nls/data/lx10028.nlb
nls/data/lx10029.nlb
nls/data/lx1002a.nlb
nls/data/lx1002b.nlb
nls/data/lx1002c.nlb
nls/data/lx1002c1.nlb
nls/data/lx1002d.nlb
nls/data/lx1002e.nlb
nls/data/lx1002f.nlb
nls/data/lx10030.nlb
nls/data/lx10031.nlb
nls/data/lx100311.nlb
nls/data/lx100312.nlb
nls/data/lx10032.nlb
nls/data/lx10033.nlb
nls/data/lx10034.nlb
nls/data/lx10035.nlb
nls/data/lx10036.nlb
nls/data/lx100361.nlb
nls/data/lx10037.nlb
nls/data/lx10038.nlb
nls/data/lx10039.nlb
nls/data/lx1003a.nlb
nls/data/lx1003b.nlb
nls/data/lx1003c.nlb
nls/data/lx1003d.nlb
nls/data/lx1003e.nlb
nls/data/lx1003f.nlb
nls/data/lx10040.nlb
nls/data/lx10041.nlb
nls/data/lx10043.nlb
nls/data/lx10044.nlb
nls/data/lx10045.nlb
nls/data/lx10046.nlb
nls/data/lx10047.nlb
nls/data/lx10048.nlb
nls/data/lx100481.nlb
nls/data/lx100482.nlb
nls/data/lx100483.nlb
nls/data/lx10049.nlb
nls/data/lx1004a.nlb
nls/data/lx1004b.nlb
nls/data/lx1004b1.nlb
nls/data/lx1004b2.nlb
nls/data/lx1004c.nlb
nls/data/lx1004c1.nlb
nls/data/lx1004d.nlb
nls/data/lx1004e.nlb
nls/data/lx1004e1.nlb
nls/data/lx1004e2.nlb
nls/data/lx1004e3.nlb
nls/data/lx1004e4.nlb
nls/data/lx1004e5.nlb
nls/data/lx1004e6.nlb
nls/data/lx1004e7.nlb
nls/data/lx1004e8.nlb
nls/data/lx1004e9.nlb
nls/data/lx1004ea.nlb
nls/data/lx1004eb.nlb
nls/data/lx1004ec.nlb
nls/data/lx1004f.nlb
nls/data/lx10050.nlb
nls/data/lx10051.nlb
nls/data/lx10052.nlb
nls/data/lx10053.nlb
nls/data/lx10054.nlb
nls/data/lx10055.nlb
nls/data/lx10056.nlb
nls/data/lx10057.nlb
nls/data/lx10058.nlb
nls/data/lx10059.nlb
nls/data/lx1005a.nlb
nls/data/lx1005b.nlb
nls/data/lx1005c.nlb
nls/data/lx1005d.nlb
nls/data/lx1005e.nlb
nls/data/lx1005f.nlb
nls/data/lx10060.nlb
nls/data/lx10061.nlb
nls/data/lx10062.nlb
nls/data/lx10063.nlb
nls/data/lx10064.nlb
nls/data/lx10065.nlb
nls/data/lx10066.nlb
nls/data/lx10067.nlb
nls/data/lx100671.nlb
nls/data/lx10068.nlb
nls/data/lx10069.nlb
nls/data/lx1006a.nlb
nls/data/lx1006b.nlb
nls/data/lx1006c.nlb
nls/data/lx1006d.nlb
nls/data/lx1006e.nlb
nls/data/lx1006f.nlb
nls/data/lx10070.nlb
nls/data/lx10071.nlb
nls/data/lx10072.nlb
nls/data/lx10073.nlb
nls/data/lx10074.nlb
nls/data/lx10075.nlb
nls/data/lx10076.nlb
nls/data/lx10077.nlb
nls/data/lx10078.nlb
nls/data/lx10079.nlb
nls/data/lx1007a.nlb
nls/data/lx1007b.nlb
nls/data/lx1007c.nlb
nls/data/lx1007d.nlb
nls/data/lx1007e.nlb
nls/data/lx1007f.nlb
nls/data/lx10080.nlb
nls/data/lx10081.nlb
nls/data/lx10082.nlb
nls/data/lx10083.nlb
nls/data/lx10084.nlb
nls/data/lx10085.nlb
nls/data/lx10086.nlb
nls/data/lx10087.nlb
nls/data/lx10088.nlb
nls/data/lx10089.nlb
nls/data/lx1008a.nlb
nls/data/lx1008b.nlb
nls/data/lx1008c.nlb
nls/data/lx1008d.nlb
nls/data/lx1008e.nlb
nls/data/lx1008f.nlb
nls/data/lx10090.nlb
nls/data/lx10091.nlb
nls/data/lx10092.nlb
nls/data/lx10093.nlb
nls/data/lx10094.nlb
nls/data/lx10095.nlb
nls/data/lx10096.nlb
nls/data/lx10097.nlb
nls/data/lx10098.nlb
nls/data/lx10099.nlb
nls/data/lx1009a.nlb
nls/data/lx1009b.nlb
nls/data/lx1009c.nlb
nls/data/lx1009d.nlb
nls/data/lx1009e.nlb
nls/data/lx1009f.nlb
nls/data/lx100a0.nlb
nls/data/lx100a1.nlb
nls/data/lx1boot.nlb
nls/data/lx20001.nlb
nls/data/lx20002.nlb
nls/data/lx20003.nlb
nls/data/lx20004.nlb
nls/data/lx20005.nlb
nls/data/lx20006.nlb
nls/data/lx20007.nlb
nls/data/lx20008.nlb
nls/data/lx20009.nlb
nls/data/lx2000a.nlb
nls/data/lx2000b.nlb
nls/data/lx2000c.nlb
nls/data/lx2000d.nlb
nls/data/lx2000e.nlb
nls/data/lx2000f.nlb
nls/data/lx20010.nlb
nls/data/lx20011.nlb
nls/data/lx20012.nlb
nls/data/lx20013.nlb
nls/data/lx20014.nlb
nls/data/lx20015.nlb
nls/data/lx20016.nlb
nls/data/lx20017.nlb
nls/data/lx20019.nlb
nls/data/lx2001b.nlb
nls/data/lx2001c.nlb
nls/data/lx2001f.nlb
nls/data/lx20020.nlb
nls/data/lx20021.nlb
nls/data/lx20022.nlb
nls/data/lx20023.nlb
nls/data/lx20024.nlb
nls/data/lx20025.nlb
nls/data/lx20026.nlb
nls/data/lx20027.nlb
nls/data/lx20028.nlb
nls/data/lx20029.nlb
nls/data/lx2002a.nlb
nls/data/lx2002b.nlb
nls/data/lx2002c.nlb
nls/data/lx2002d.nlb
nls/data/lx2002e.nlb
nls/data/lx2002f.nlb
nls/data/lx20030.nlb
nls/data/lx20031.nlb
nls/data/lx20032.nlb
nls/data/lx20033.nlb
nls/data/lx20034.nlb
nls/data/lx2003d.nlb
nls/data/lx20046.nlb
nls/data/lx20048.nlb
nls/data/lx20051.nlb
nls/data/lx20052.nlb
nls/data/lx2005a.nlb
nls/data/lx2005b.nlb
nls/data/lx2005c.nlb
nls/data/lx2005d.nlb
nls/data/lx2005e.nlb
nls/data/lx2005f.nlb
nls/data/lx20060.nlb
nls/data/lx20061.nlb
nls/data/lx20062.nlb
nls/data/lx20063.nlb
nls/data/lx20064.nlb
nls/data/lx20065.nlb
nls/data/lx2006e.nlb
nls/data/lx20071.nlb
nls/data/lx20072.nlb
nls/data/lx2008c.nlb
nls/data/lx20096.nlb
nls/data/lx20098.nlb
nls/data/lx20099.nlb
nls/data/lx2009a.nlb
nls/data/lx2009b.nlb
nls/data/lx2009c.nlb
nls/data/lx2009e.nlb
nls/data/lx2009f.nlb
nls/data/lx200a0.nlb
nls/data/lx200a1.nlb
nls/data/lx200a2.nlb
nls/data/lx200a3.nlb
nls/data/lx200a4.nlb
nls/data/lx200a5.nlb
nls/data/lx200a6.nlb
nls/data/lx200a7.nlb
nls/data/lx200aa.nlb
nls/data/lx200ab.nlb
nls/data/lx200ac.nlb
nls/data/lx200ad.nlb
nls/data/lx200ae.nlb
nls/data/lx200af.nlb
nls/data/lx200b0.nlb
nls/data/lx200b1.nlb
nls/data/lx200b2.nlb
nls/data/lx200b3.nlb
nls/data/lx200b4.nlb
nls/data/lx200b5.nlb
nls/data/lx200b6.nlb
nls/data/lx200b7.nlb
nls/data/lx200b8.nlb
nls/data/lx200b9.nlb
nls/data/lx200ba.nlb
nls/data/lx200bb.nlb
nls/data/lx200bc.nlb
nls/data/lx200bd.nlb
nls/data/lx200be.nlb
nls/data/lx200bf.nlb
nls/data/lx200c0.nlb
nls/data/lx200c1.nlb
nls/data/lx200c2.nlb
nls/data/lx200c3.nlb
nls/data/lx200c4.nlb
nls/data/lx200c5.nlb
nls/data/lx200c6.nlb
nls/data/lx200c7.nlb
nls/data/lx200c8.nlb
nls/data/lx200c9.nlb
nls/data/lx200ca.nlb
nls/data/lx200cb.nlb
nls/data/lx200cc.nlb
nls/data/lx200cd.nlb
nls/data/lx200ce.nlb
nls/data/lx200cf.nlb
nls/data/lx200d0.nlb
nls/data/lx200d2.nlb
nls/data/lx200d3.nlb
nls/data/lx200dd.nlb
nls/data/lx200de.nlb
nls/data/lx200df.nlb
nls/data/lx200e0.nlb
nls/data/lx200e1.nlb
nls/data/lx200e2.nlb
nls/data/lx200e6.nlb
nls/data/lx200e7.nlb
nls/data/lx200e8.nlb
nls/data/lx200e9.nlb
nls/data/lx200eb.nlb
nls/data/lx200ef.nlb
nls/data/lx200f1.nlb
nls/data/lx200fb.nlb
nls/data/lx20105.nlb
nls/data/lx20106.nlb
nls/data/lx20107.nlb
nls/data/lx20108.nlb
nls/data/lx20109.nlb
nls/data/lx2010a.nlb
nls/data/lx2010b.nlb
nls/data/lx20115.nlb
nls/data/lx20116.nlb
nls/data/lx20117.nlb
nls/data/lx2012d.nlb
nls/data/lx20137.nlb
nls/data/lx20138.nlb
nls/data/lx2013a.nlb
nls/data/lx2013b.nlb
nls/data/lx2013c.nlb
nls/data/lx2013d.nlb
nls/data/lx2013f.nlb
nls/data/lx20140.nlb
nls/data/lx20142.nlb
nls/data/lx20143.nlb
nls/data/lx20144.nlb
nls/data/lx20145.nlb
nls/data/lx20146.nlb
nls/data/lx20147.nlb
nls/data/lx2015f.nlb
nls/data/lx20160.nlb
nls/data/lx20161.nlb
nls/data/lx20162.nlb
nls/data/lx20170.nlb
nls/data/lx2017c.nlb
nls/data/lx2017d.nlb
nls/data/lx2017e.nlb
nls/data/lx2017f.nlb
nls/data/lx20180.nlb
nls/data/lx20181.nlb
nls/data/lx20182.nlb
nls/data/lx20186.nlb
nls/data/lx20191.nlb
nls/data/lx201f4.nlb
nls/data/lx201f8.nlb
nls/data/lx201f9.nlb
nls/data/lx201fa.nlb
nls/data/lx201fb.nlb
nls/data/lx201fc.nlb
nls/data/lx201fd.nlb
nls/data/lx201ff.nlb
nls/data/lx20202.nlb
nls/data/lx2022a.nlb
nls/data/lx2022b.nlb
nls/data/lx2022c.nlb
nls/data/lx2022d.nlb
nls/data/lx2022e.nlb
nls/data/lx2022f.nlb
nls/data/lx20230.nlb
nls/data/lx20231.nlb
nls/data/lx20233.nlb
nls/data/lx20235.nlb
nls/data/lx20236.nlb
nls/data/lx20237.nlb
nls/data/lx2024e.nlb
nls/data/lx2031e.nlb
nls/data/lx2033d.nlb
nls/data/lx2033e.nlb
nls/data/lx2033f.nlb
nls/data/lx20340.nlb
nls/data/lx20341.nlb
nls/data/lx20342.nlb
nls/data/lx20343.nlb
nls/data/lx20344.nlb
nls/data/lx20345.nlb
nls/data/lx20346.nlb
nls/data/lx20348.nlb
nls/data/lx2034a.nlb
nls/data/lx2034d.nlb
nls/data/lx2034e.nlb
nls/data/lx20352.nlb
nls/data/lx20353.nlb
nls/data/lx20354.nlb
nls/data/lx20355.nlb
nls/data/lx20356.nlb
nls/data/lx2035c.nlb
nls/data/lx2035d.nlb
nls/data/lx2035e.nlb
nls/data/lx2035f.nlb
nls/data/lx20360.nlb
nls/data/lx20361.nlb
nls/data/lx20362.nlb
nls/data/lx20363.nlb
nls/data/lx20364.nlb
nls/data/lx20366.nlb
nls/data/lx20367.nlb
nls/data/lx20368.nlb
nls/data/lx20369.nlb
nls/data/lx203e0.nlb
nls/data/lx203e1.nlb
nls/data/lx203e2.nlb
nls/data/lx203e3.nlb
nls/data/lx203e4.nlb
nls/data/lx203e5.nlb
nls/data/lx203e6.nlb
nls/data/lx203e9.nlb
nls/data/lx203ea.nlb
nls/data/lx20726.nlb
nls/data/lx20728.nlb
nls/data/lx20729.nlb
nls/data/lx20730.nlb
nls/data/lx20732.nlb
nls/data/lx2073a.nlb
nls/data/lx2073c.nlb
nls/data/lx2073d.nlb
nls/data/lx20744.nlb
nls/data/lx20747.nlb
nls/data/lx20748.nlb
nls/data/lx20749.nlb
nls/data/lx207d0.nlb
nls/data/lx2270a.nlb
nls/data/lx2270b.nlb
nls/data/lx30001.nlb
nls/data/lx30002.nlb
nls/data/lx30003.nlb
nls/data/lx30004.nlb
nls/data/lx30005.nlb
nls/data/lx30006.nlb
nls/data/lx30007.nlb
nls/data/lx30008.nlb
nls/data/lx30009.nlb
nls/data/lx3000a.nlb
nls/data/lx3000b.nlb
nls/data/lx3000c.nlb
nls/data/lx3000d.nlb
nls/data/lx3000e.nlb
nls/data/lx3000f.nlb
nls/data/lx30010.nlb
nls/data/lx30011.nlb
nls/data/lx30012.nlb
nls/data/lx30013.nlb
nls/data/lx30014.nlb
nls/data/lx30015.nlb
nls/data/lx30016.nlb
nls/data/lx30017.nlb
nls/data/lx30018.nlb
nls/data/lx30019.nlb
nls/data/lx3001a.nlb
nls/data/lx3001b.nlb
nls/data/lx3001c.nlb
nls/data/lx3001d.nlb
nls/data/lx3001e.nlb
nls/data/lx3001f.nlb
nls/data/lx30020.nlb
nls/data/lx30021.nlb
nls/data/lx30022.nlb
nls/data/lx30023.nlb
nls/data/lx30024.nlb
nls/data/lx30025.nlb
nls/data/lx30026.nlb
nls/data/lx30027.nlb
nls/data/lx30028.nlb
nls/data/lx30029.nlb
nls/data/lx3002a.nlb
nls/data/lx3002b.nlb
nls/data/lx3002c.nlb
nls/data/lx3002d.nlb
nls/data/lx3002e.nlb
nls/data/lx3002f.nlb
nls/data/lx30030.nlb
nls/data/lx30031.nlb
nls/data/lx30032.nlb
nls/data/lx30033.nlb
nls/data/lx30034.nlb
nls/data/lx30035.nlb
nls/data/lx30036.nlb
nls/data/lx30037.nlb
nls/data/lx30038.nlb
nls/data/lx30039.nlb
nls/data/lx3003a.nlb
nls/data/lx3003b.nlb
nls/data/lx3003c.nlb
nls/data/lx3003d.nlb
nls/data/lx3003e.nlb
nls/data/lx3003f.nlb
nls/data/lx30040.nlb
nls/data/lx30041.nlb
nls/data/lx30042.nlb
nls/data/lx30043.nlb
nls/data/lx30044.nlb
nls/data/lx30045.nlb
nls/data/lx30046.nlb
nls/data/lx31001.nlb
nls/data/lx3100e.nlb
nls/data/lx31010.nlb
nls/data/lx31012.nlb
nls/data/lx31014.nlb
nls/data/lx31016.nlb
nls/data/lx31030.nlb
nls/data/lx31031.nlb
nls/data/lx31032.nlb
nls/data/lx31033.nlb
nls/data/lx31040.nlb
nls/data/lx31041.nlb
nls/data/lx31042.nlb
nls/data/lx31043.nlb
nls/data/lx31050.nlb
nls/data/lx31060.nlb
nls/data/lx33000.nlb
nls/data/lx33001.nlb
nls/data/lx33002.nlb
nls/data/lx33003.nlb
nls/data/lx33004.nlb
nls/data/lx33005.nlb
nls/data/lx33006.nlb
nls/data/lx33007.nlb
nls/data/lx33008.nlb
nls/data/lx33009.nlb
nls/data/lx3300a.nlb
nls/data/lx3300b.nlb
nls/data/lx3300e.nlb
nls/data/lx3300f.nlb
nls/data/lx33012.nlb
nls/data/lx33013.nlb
nls/data/lx33014.nlb
nls/data/lx33015.nlb
nls/data/lx33016.nlb
nls/data/lx33017.nlb
nls/data/lx33018.nlb
nls/data/lx33019.nlb
nls/data/lx3301a.nlb
nls/data/lx3301b.nlb
nls/data/lx3301c.nlb
nls/data/lx3301d.nlb
nls/data/lx33020.nlb
nls/data/lx33021.nlb
nls/data/lx33022.nlb
nls/data/lx33023.nlb
nls/data/lx33024.nlb
nls/data/lx33025.nlb
nls/data/lx33026.nlb
nls/data/lx33027.nlb
nls/data/lx33028.nlb
nls/data/lx33029.nlb
nls/data/lx3302a.nlb
nls/data/lx3302b.nlb
nls/data/lx3302c.nlb
nls/data/lx3302d.nlb
nls/data/lx3302e.nlb
nls/data/lx3302f.nlb
nls/data/lx33032.nlb
nls/data/lx33033.nlb
nls/data/lx40001.nlb
nls/data/lx40002.nlb
nls/data/lx40003.nlb
nls/data/lx40004.nlb
nls/data/lx40005.nlb
nls/data/lx40006.nlb
nls/data/lx40010.nlb
nls/data/lx40011.nlb
nls/data/lx40030.nlb
nls/data/lx41001.nlb
nls/data/lx41002.nlb
nls/data/lx41003.nlb
nls/data/lx41004.nlb
nls/data/lx41005.nlb
nls/data/lx41006.nlb
nls/data/lx41007.nlb
nls/data/lx41008.nlb
nls/data/lx41009.nlb
nls/data/lx70001.nlb
nls/data/lx70002.nlb
nls/data/lx80001.nlb
nls/data/lx80002.nlb
nls/data/lx80003.nlb
nls/data/lx80004.nlb
nls/mesg/lxeus.msb
nls/mesg/lxeus.msg
nls/mesg/lxius.msb
nls/mesg/lxlaar.msb
nls/mesg/lxlacs.msb
nls/mesg/lxlad.msb
nls/mesg/lxladk.msb
nls/mesg/lxlae.msb
nls/mesg/lxlael.msb
nls/mesg/lxlaf.msb
nls/mesg/lxlahu.msb
nls/mesg/lxlai.msb
nls/mesg/lxlaiw.msb
nls/mesg/lxlaja.msb
nls/mesg/lxlako.msb
nls/mesg/lxlan.msb
nls/mesg/lxlanl.msb
nls/mesg/lxlapl.msb
nls/mesg/lxlapt.msb
nls/mesg/lxlaptb.msb
nls/mesg/lxlaro.msb
nls/mesg/lxlaru.msb
nls/mesg/lxlas.msb
nls/mesg/lxlasf.msb
nls/mesg/lxlask.msb
nls/mesg/lxlath.msb
nls/mesg/lxlatr.msb
nls/mesg/lxlaus.msb
nls/mesg/lxlazhs.msb
nls/mesg/lxlazht.msb
nls/mesg/lxltar.msb
nls/mesg/lxltcs.msb
nls/mesg/lxltd.msb
nls/mesg/lxltdk.msb
nls/mesg/lxlte.msb
nls/mesg/lxltel.msb
nls/mesg/lxltf.msb
nls/mesg/lxlthu.msb
nls/mesg/lxlti.msb
nls/mesg/lxltiw.msb
nls/mesg/lxltja.msb
nls/mesg/lxltko.msb
nls/mesg/lxltn.msb
nls/mesg/lxltnl.msb
nls/mesg/lxltpl.msb
nls/mesg/lxltpt.msb
nls/mesg/lxltptb.msb
nls/mesg/lxltro.msb
nls/mesg/lxltru.msb
nls/mesg/lxlts.msb
nls/mesg/lxltsf.msb
nls/mesg/lxltsk.msb
nls/mesg/lxltth.msb
nls/mesg/lxlttr.msb
nls/mesg/lxltus.msb
nls/mesg/lxltzhs.msb
nls/mesg/lxltzht.msb
nls/mesg/lxtear.msb
nls/mesg/lxtecs.msb
nls/mesg/lxted.msb
nls/mesg/lxtedk.msb
nls/mesg/lxtee.msb
nls/mesg/lxteel.msb
nls/mesg/lxtef.msb
nls/mesg/lxtehu.msb
nls/mesg/lxtei.msb
nls/mesg/lxteiw.msb
nls/mesg/lxteja.msb
nls/mesg/lxteko.msb
nls/mesg/lxten.msb
nls/mesg/lxtenl.msb
nls/mesg/lxtepl.msb
nls/mesg/lxtept.msb
nls/mesg/lxteptb.msb
nls/mesg/lxtero.msb
nls/mesg/lxteru.msb
nls/mesg/lxtes.msb
nls/mesg/lxtesf.msb
nls/mesg/lxtesk.msb
nls/mesg/lxteth.msb
nls/mesg/lxtetr.msb
nls/mesg/lxteus.msb
nls/mesg/lxtezhs.msb
nls/mesg/lxtezht.msb
oci/include/xa.h
opmn/bin/ons.exe
opmn/bin/onsctl.bat
opmn/bin/onsctli
opmn/bin/onsctli.bat
opmn/conf/ons.config
opmn/lib/ons.jar
opmn/mesg/ensd.msb
opmn/mesg/ense.msb
opmn/mesg/ensf.msb
opmn/mesg/ensi.msb
opmn/mesg/ensja.msb
opmn/mesg/ensko.msb
opmn/mesg/ensptb.msb
opmn/mesg/ensus.msb
opmn/mesg/enszhs.msb
opmn/mesg/enszht.msb
oracore/mesg/ldtcs.msb
oracore/mesg/ldtd.msb
oracore/mesg/ldtdk.msb
oracore/mesg/ldte.msb
oracore/mesg/ldtel.msb
oracore/mesg/ldtf.msb
oracore/mesg/ldthu.msb
oracore/mesg/ldti.msb
oracore/mesg/ldtja.msb
oracore/mesg/ldtko.msb
oracore/mesg/ldtn.msb
oracore/mesg/ldtnl.msb
oracore/mesg/ldtpl.msb
oracore/mesg/ldtpt.msb
oracore/mesg/ldtptb.msb
oracore/mesg/ldtro.msb
oracore/mesg/ldtru.msb
oracore/mesg/ldts.msb
oracore/mesg/ldtsf.msb
oracore/mesg/ldtsk.msb
oracore/mesg/ldttr.msb
oracore/mesg/ldtus.msb
oracore/mesg/ldtzhs.msb
oracore/mesg/ldtzht.msb
oracore/mesg/lemcs.msb
oracore/mesg/lemd.msb
oracore/mesg/lemdk.msb
oracore/mesg/leme.msb
oracore/mesg/lemel.msb
oracore/mesg/lemf.msb
oracore/mesg/lemhu.msb
oracore/mesg/lemi.msb
oracore/mesg/lemja.msb
oracore/mesg/lemko.msb
oracore/mesg/lemn.msb
oracore/mesg/lemnl.msb
oracore/mesg/lempl.msb
oracore/mesg/lempt.msb
oracore/mesg/lemptb.msb
oracore/mesg/lemro.msb
oracore/mesg/lemru.msb
oracore/mesg/lems.msb
oracore/mesg/lemsf.msb
oracore/mesg/lemsk.msb
oracore/mesg/lemtr.msb
oracore/mesg/lemus.msb
oracore/mesg/lemzhs.msb
oracore/mesg/lemzht.msb
oracore/mesg/lfiar.msb
oracore/mesg/lfics.msb
oracore/mesg/lfid.msb
oracore/mesg/lfidk.msb
oracore/mesg/lfie.msb
oracore/mesg/lfiel.msb
oracore/mesg/lfif.msb
oracore/mesg/lfihu.msb
oracore/mesg/lfii.msb
oracore/mesg/lfiiw.msb
oracore/mesg/lfija.msb
oracore/mesg/lfiko.msb
oracore/mesg/lfin.msb
oracore/mesg/lfinl.msb
oracore/mesg/lfipl.msb
oracore/mesg/lfipt.msb
oracore/mesg/lfiptb.msb
oracore/mesg/lfiro.msb
oracore/mesg/lfiru.msb
oracore/mesg/lfis.msb
oracore/mesg/lfisf.msb
oracore/mesg/lfisk.msb
oracore/mesg/lfith.msb
oracore/mesg/lfitr.msb
oracore/mesg/lfius.msb
oracore/mesg/lfizhs.msb
oracore/mesg/lfizht.msb
oracore/mesg/lhtcs.msb
oracore/mesg/lhtd.msb
oracore/mesg/lhtdk.msb
oracore/mesg/lhte.msb
oracore/mesg/lhtel.msb
oracore/mesg/lhtf.msb
oracore/mesg/lhthu.msb
oracore/mesg/lhti.msb
oracore/mesg/lhtja.msb
oracore/mesg/lhtko.msb
oracore/mesg/lhtn.msb
oracore/mesg/lhtnl.msb
oracore/mesg/lhtpl.msb
oracore/mesg/lhtpt.msb
oracore/mesg/lhtptb.msb
oracore/mesg/lhtro.msb
oracore/mesg/lhtru.msb
oracore/mesg/lhts.msb
oracore/mesg/lhtsf.msb
oracore/mesg/lhtsk.msb
oracore/mesg/lhttr.msb
oracore/mesg/lhtus.msb
oracore/mesg/lhtzhs.msb
oracore/mesg/lhtzht.msb
oracore/mesg/lmmcs.msb
oracore/mesg/lmmd.msb
oracore/mesg/lmmdk.msb
oracore/mesg/lmme.msb
oracore/mesg/lmmel.msb
oracore/mesg/lmmf.msb
oracore/mesg/lmmhu.msb
oracore/mesg/lmmi.msb
oracore/mesg/lmmja.msb
oracore/mesg/lmmko.msb
oracore/mesg/lmmn.msb
oracore/mesg/lmmnl.msb
oracore/mesg/lmmpl.msb
oracore/mesg/lmmpt.msb
oracore/mesg/lmmptb.msb
oracore/mesg/lmmro.msb
oracore/mesg/lmmru.msb
oracore/mesg/lmms.msb
oracore/mesg/lmmsf.msb
oracore/mesg/lmmsk.msb
oracore/mesg/lmmtr.msb
oracore/mesg/lmmus.msb
oracore/mesg/lmmzhs.msb
oracore/mesg/lmmzht.msb
oracore/mesg/lpmcs.msb
oracore/mesg/lpmd.msb
oracore/mesg/lpmdk.msb
oracore/mesg/lpme.msb
oracore/mesg/lpmel.msb
oracore/mesg/lpmf.msb
oracore/mesg/lpmhu.msb
oracore/mesg/lpmi.msb
oracore/mesg/lpmja.msb
oracore/mesg/lpmko.msb
oracore/mesg/lpmn.msb
oracore/mesg/lpmnl.msb
oracore/mesg/lpmpl.msb
oracore/mesg/lpmpt.msb
oracore/mesg/lpmptb.msb
oracore/mesg/lpmro.msb
oracore/mesg/lpmru.msb
oracore/mesg/lpms.msb
oracore/mesg/lpmsf.msb
oracore/mesg/lpmsk.msb
oracore/mesg/lpmtr.msb
oracore/mesg/lpmus.msb
oracore/mesg/lpmzhs.msb
oracore/mesg/lpmzht.msb
oracore/mesg/lrmar.msb
oracore/mesg/lrmcs.msb
oracore/mesg/lrmd.msb
oracore/mesg/lrmdk.msb
oracore/mesg/lrme.msb
oracore/mesg/lrmel.msb
oracore/mesg/lrmf.msb
oracore/mesg/lrmhu.msb
oracore/mesg/lrmi.msb
oracore/mesg/lrmiw.msb
oracore/mesg/lrmja.msb
oracore/mesg/lrmko.msb
oracore/mesg/lrmn.msb
oracore/mesg/lrmnl.msb
oracore/mesg/lrmpl.msb
oracore/mesg/lrmpt.msb
oracore/mesg/lrmptb.msb
oracore/mesg/lrmro.msb
oracore/mesg/lrmru.msb
oracore/mesg/lrms.msb
oracore/mesg/lrmsf.msb
oracore/mesg/lrmsk.msb
oracore/mesg/lrmth.msb
oracore/mesg/lrmtr.msb
oracore/mesg/lrmus.msb
oracore/mesg/lrmzhs.msb
oracore/mesg/lrmzht.msb
oracore/mesg/lsfcs.msb
oracore/mesg/lsfd.msb
oracore/mesg/lsfdk.msb
oracore/mesg/lsfe.msb
oracore/mesg/lsfel.msb
oracore/mesg/lsff.msb
oracore/mesg/lsfhu.msb
oracore/mesg/lsfi.msb
oracore/mesg/lsfja.msb
oracore/mesg/lsfko.msb
oracore/mesg/lsfn.msb
oracore/mesg/lsfnl.msb
oracore/mesg/lsfpl.msb
oracore/mesg/lsfpt.msb
oracore/mesg/lsfptb.msb
oracore/mesg/lsfro.msb
oracore/mesg/lsfru.msb
oracore/mesg/lsfs.msb
oracore/mesg/lsfsf.msb
oracore/mesg/lsfsk.msb
oracore/mesg/lsftr.msb
oracore/mesg/lsfus.msb
oracore/mesg/lsfzhs.msb
oracore/mesg/lsfzht.msb
oracore/mesg/ltmcs.msb
oracore/mesg/ltmd.msb
oracore/mesg/ltmdk.msb
oracore/mesg/ltme.msb
oracore/mesg/ltmel.msb
oracore/mesg/ltmf.msb
oracore/mesg/ltmhu.msb
oracore/mesg/ltmi.msb
oracore/mesg/ltmja.msb
oracore/mesg/ltmko.msb
oracore/mesg/ltmn.msb
oracore/mesg/ltmnl.msb
oracore/mesg/ltmpl.msb
oracore/mesg/ltmpt.msb
oracore/mesg/ltmptb.msb
oracore/mesg/ltmro.msb
oracore/mesg/ltmru.msb
oracore/mesg/ltms.msb
oracore/mesg/ltmsf.msb
oracore/mesg/ltmsk.msb
oracore/mesg/ltmtr.msb
oracore/mesg/ltmus.msb
oracore/mesg/ltmzhs.msb
oracore/mesg/ltmzht.msb
oracore/mesg/tlemd.msb
oracore/mesg/tlemf.msb
oracore/mesg/tlemja.msb
oracore/mesg/tlemko.msb
oracore/mesg/tlemus.msb
plsql/include/pdtyp.h
plsql/include/pen.h
plsql/include/pn.h
plsql/include/pptyp.h
plsql/include/pvm.h
plsql/mesg/pcmar.msb
plsql/mesg/pcmcs.msb
plsql/mesg/pcmd.msb
plsql/mesg/pcmdk.msb
plsql/mesg/pcme.msb
plsql/mesg/pcmel.msb
plsql/mesg/pcmf.msb
plsql/mesg/pcmhu.msb
plsql/mesg/pcmi.msb
plsql/mesg/pcmiw.msb
plsql/mesg/pcmja.msb
plsql/mesg/pcmko.msb
plsql/mesg/pcmn.msb
plsql/mesg/pcmnl.msb
plsql/mesg/pcmpl.msb
plsql/mesg/pcmpt.msb
plsql/mesg/pcmptb.msb
plsql/mesg/pcmro.msb
plsql/mesg/pcmru.msb
plsql/mesg/pcms.msb
plsql/mesg/pcmsf.msb
plsql/mesg/pcmsk.msb
plsql/mesg/pcmth.msb
plsql/mesg/pcmtr.msb
plsql/mesg/pcmus.msb
plsql/mesg/pcmzhs.msb
plsql/mesg/pcmzht.msb
plsql/mesg/plsar.msb
plsql/mesg/plscs.msb
plsql/mesg/plsd.msb
plsql/mesg/plsdk.msb
plsql/mesg/plse.msb
plsql/mesg/plsel.msb
plsql/mesg/plsf.msb
plsql/mesg/plshu.msb
plsql/mesg/plsi.msb
plsql/mesg/plsiw.msb
plsql/mesg/plsja.msb
plsql/mesg/plsko.msb
plsql/mesg/plsn.msb
plsql/mesg/plsnl.msb
plsql/mesg/plspl.msb
plsql/mesg/plspt.msb
plsql/mesg/plsptb.msb
plsql/mesg/plsro.msb
plsql/mesg/plsru.msb
plsql/mesg/plss.msb
plsql/mesg/plssf.msb
plsql/mesg/plssk.msb
plsql/mesg/plsth.msb
plsql/mesg/plstr.msb
plsql/mesg/plsus.msb
plsql/mesg/plszhs.msb
plsql/mesg/plszht.msb
plsql/mesg/plwar.msb
plsql/mesg/plwcs.msb
plsql/mesg/plwd.msb
plsql/mesg/plwdk.msb
plsql/mesg/plwe.msb
plsql/mesg/plwel.msb
plsql/mesg/plwf.msb
plsql/mesg/plwhu.msb
plsql/mesg/plwi.msb
plsql/mesg/plwiw.msb
plsql/mesg/plwja.msb
plsql/mesg/plwko.msb
plsql/mesg/plwn.msb
plsql/mesg/plwnl.msb
plsql/mesg/plwpl.msb
plsql/mesg/plwpt.msb
plsql/mesg/plwptb.msb
plsql/mesg/plwro.msb
plsql/mesg/plwru.msb
plsql/mesg/plws.msb
plsql/mesg/plwsf.msb
plsql/mesg/plwsk.msb
plsql/mesg/plwth.msb
plsql/mesg/plwtr.msb
plsql/mesg/plwus.msb
plsql/mesg/plwzhs.msb
plsql/mesg/plwzht.msb
precomp/mesg/sqlar.msb
precomp/mesg/sqlcs.msb
precomp/mesg/sqld.msb
precomp/mesg/sqldk.msb
precomp/mesg/sqle.msb
precomp/mesg/sqlel.msb
precomp/mesg/sqlf.msb
precomp/mesg/sqlhu.msb
precomp/mesg/sqli.msb
precomp/mesg/sqliw.msb
precomp/mesg/sqlja.msb
precomp/mesg/sqlko.msb
precomp/mesg/sqln.msb
precomp/mesg/sqlnl.msb
precomp/mesg/sqlpl.msb
precomp/mesg/sqlpt.msb
precomp/mesg/sqlptb.msb
precomp/mesg/sqlro.msb
precomp/mesg/sqlru.msb
precomp/mesg/sqls.msb
precomp/mesg/sqlsf.msb
precomp/mesg/sqlsk.msb
precomp/mesg/sqlth.msb
precomp/mesg/sqltr.msb
precomp/mesg/sqlus.msb
precomp/mesg/sqlzhs.msb
precomp/mesg/sqlzht.msb
racg/mesg/clsrd.msb
racg/mesg/clsre.msb
racg/mesg/clsrf.msb
racg/mesg/clsri.msb
racg/mesg/clsrja.msb
racg/mesg/clsrko.msb
racg/mesg/clsrptb.msb
racg/mesg/clsrus.msb
racg/mesg/clsrus.msg
racg/mesg/clsrzhs.msb
racg/mesg/clsrzht.msb
rdbms/admin/corejava.sym
rdbms/admin/genezi.sym
rdbms/admin/oci.sym
rdbms/admin/ociw32.sym
rdbms/admin/ocssd.sym
rdbms/admin/oracell19.sym
rdbms/admin/oraclient19.sym
rdbms/admin/oraclsce19.sym
rdbms/admin/oraclscred19.sym
rdbms/admin/oracommon19.sym
rdbms/admin/oracore19.sym
rdbms/admin/oradbcfg19.sym
rdbms/admin/orageneric19.sym
rdbms/admin/oragns19.sym
rdbms/admin/oragnsjni19.sym
rdbms/admin/oraipc1.sym
rdbms/admin/orajagent19.sym
rdbms/admin/oramql1.sym
rdbms/admin/oramysql19.sym
rdbms/admin/oranls18.sym
rdbms/admin/oraocci19.sym
rdbms/admin/oraocrutl19.sym
rdbms/admin/oraplc19.sym
rdbms/admin/oraplp19.sym
rdbms/admin/orapls19.sym
rdbms/admin/orardjni19.sym
rdbms/admin/orasnls19.sym
rdbms/admin/orasql19.sym
rdbms/admin/orasrvm19.sym
rdbms/admin/orasrvmhas19.sym
rdbms/admin/orasrvmocr19.sym
rdbms/admin/orauini19.sym
rdbms/admin/oraunls19.sym
rdbms/install/sbs/eusm.bat.sbs
rdbms/install/sbs/umu.bat.sbs
rdbms/jlib/eusm.jar
rdbms/jlib/oracle.ras_template.jar
rdbms/jlib/usermigrate-1_0.jar
rdbms/jlib/xdb.jar
rdbms/jlib/xdb6.jar
rdbms/jlib/xs.jar
rdbms/jlib/xsee.jar
rdbms/jlib/xstreams.jar
rdbms/mesg/diaar.msb
rdbms/mesg/diaca.msb
rdbms/mesg/diacs.msb
rdbms/mesg/diad.msb
rdbms/mesg/diadk.msb
rdbms/mesg/diae.msb
rdbms/mesg/diael.msb
rdbms/mesg/diaf.msb
rdbms/mesg/diahu.msb
rdbms/mesg/diai.msb
rdbms/mesg/diaiw.msb
rdbms/mesg/diaja.msb
rdbms/mesg/diako.msb
rdbms/mesg/dian.msb
rdbms/mesg/dianl.msb
rdbms/mesg/diapl.msb
rdbms/mesg/diapt.msb
rdbms/mesg/diaptb.msb
rdbms/mesg/diaro.msb
rdbms/mesg/diaru.msb
rdbms/mesg/dias.msb
rdbms/mesg/diasf.msb
rdbms/mesg/diask.msb
rdbms/mesg/diath.msb
rdbms/mesg/diatr.msb
rdbms/mesg/diaus.msb
rdbms/mesg/diaus.msg
rdbms/mesg/diazhs.msb
rdbms/mesg/diazht.msb
rdbms/mesg/kgpar.msb
rdbms/mesg/kgpca.msb
rdbms/mesg/kgpcs.msb
rdbms/mesg/kgpd.msb
rdbms/mesg/kgpdk.msb
rdbms/mesg/kgpe.msb
rdbms/mesg/kgpel.msb
rdbms/mesg/kgpf.msb
rdbms/mesg/kgphu.msb
rdbms/mesg/kgpi.msb
rdbms/mesg/kgpiw.msb
rdbms/mesg/kgpja.msb
rdbms/mesg/kgpko.msb
rdbms/mesg/kgpn.msb
rdbms/mesg/kgpnl.msb
rdbms/mesg/kgppl.msb
rdbms/mesg/kgppt.msb
rdbms/mesg/kgpptb.msb
rdbms/mesg/kgpro.msb
rdbms/mesg/kgpru.msb
rdbms/mesg/kgps.msb
rdbms/mesg/kgpsf.msb
rdbms/mesg/kgpsk.msb
rdbms/mesg/kgpth.msb
rdbms/mesg/kgptr.msb
rdbms/mesg/kgpus.msb
rdbms/mesg/kgpus.msg
rdbms/mesg/kgpzhs.msb
rdbms/mesg/kgpzht.msb
rdbms/mesg/ociar.msb
rdbms/mesg/ocica.msb
rdbms/mesg/ocics.msb
rdbms/mesg/ocid.msb
rdbms/mesg/ocidk.msb
rdbms/mesg/ocie.msb
rdbms/mesg/ociel.msb
rdbms/mesg/ocif.msb
rdbms/mesg/ocihu.msb
rdbms/mesg/ocii.msb
rdbms/mesg/ociiw.msb
rdbms/mesg/ocija.msb
rdbms/mesg/ociko.msb
rdbms/mesg/ocin.msb
rdbms/mesg/ocinl.msb
rdbms/mesg/ocipl.msb
rdbms/mesg/ocipt.msb
rdbms/mesg/ociptb.msb
rdbms/mesg/ociro.msb
rdbms/mesg/ociru.msb
rdbms/mesg/ocis.msb
rdbms/mesg/ocisf.msb
rdbms/mesg/ocisk.msb
rdbms/mesg/ocith.msb
rdbms/mesg/ocitr.msb
rdbms/mesg/ocius.msb
rdbms/mesg/ocius.msg
rdbms/mesg/ocizhs.msb
rdbms/mesg/ocizht.msb
rdbms/mesg/oraar.msb
rdbms/mesg/oraca.msb
rdbms/mesg/oracs.msb
rdbms/mesg/orad.msb
rdbms/mesg/oradk.msb
rdbms/mesg/orae.msb
rdbms/mesg/orael.msb
rdbms/mesg/oraf.msb
rdbms/mesg/orahu.msb
rdbms/mesg/orai.msb
rdbms/mesg/oraiw.msb
rdbms/mesg/oraja.msb
rdbms/mesg/orako.msb
rdbms/mesg/oran.msb
rdbms/mesg/oranl.msb
rdbms/mesg/orapl.msb
rdbms/mesg/orapt.msb
rdbms/mesg/oraptb.msb
rdbms/mesg/oraro.msb
rdbms/mesg/oraru.msb
rdbms/mesg/oras.msb
rdbms/mesg/orasf.msb
rdbms/mesg/orask.msb
rdbms/mesg/orath.msb
rdbms/mesg/oratr.msb
rdbms/mesg/oraus.msb
rdbms/mesg/oraus.msg
rdbms/mesg/orazhs.msb
rdbms/mesg/orazht.msb
rdbms/mesg/smgar.msb
rdbms/mesg/smgcs.msb
rdbms/mesg/smgd.msb
rdbms/mesg/smgdk.msb
rdbms/mesg/smge.msb
rdbms/mesg/smgel.msb
rdbms/mesg/smgf.msb
rdbms/mesg/smghu.msb
rdbms/mesg/smgi.msb
rdbms/mesg/smgiw.msb
rdbms/mesg/smgja.msb
rdbms/mesg/smgko.msb
rdbms/mesg/smgn.msb
rdbms/mesg/smgnl.msb
rdbms/mesg/smgpl.msb
rdbms/mesg/smgpt.msb
rdbms/mesg/smgptb.msb
rdbms/mesg/smgro.msb
rdbms/mesg/smgru.msb
rdbms/mesg/smgs.msb
rdbms/mesg/smgsf.msb
rdbms/mesg/smgsk.msb
rdbms/mesg/smgth.msb
rdbms/mesg/smgtr.msb
rdbms/mesg/smgus.msb
rdbms/mesg/smgus.msg
rdbms/mesg/smgzhs.msb
rdbms/mesg/smgzht.msb
rdbms/public/orastruc.h
rdbms/public/oratypes.h
rdbms/xa/oraxa19.lib
slax/mesg/pxar.msb
slax/mesg/pxcs.msb
slax/mesg/pxd.msb
slax/mesg/pxdk.msb
slax/mesg/pxe.msb
slax/mesg/pxel.msb
slax/mesg/pxf.msb
slax/mesg/pxhu.msb
slax/mesg/pxi.msb
slax/mesg/pxiw.msb
slax/mesg/pxja.msb
slax/mesg/pxko.msb
slax/mesg/pxn.msb
slax/mesg/pxnl.msb
slax/mesg/pxpl.msb
slax/mesg/pxpt.msb
slax/mesg/pxptb.msb
slax/mesg/pxro.msb
slax/mesg/pxru.msb
slax/mesg/pxs.msb
slax/mesg/pxsf.msb
slax/mesg/pxsk.msb
slax/mesg/pxth.msb
slax/mesg/pxtr.msb
slax/mesg/pxus.msb
slax/mesg/pxzhs.msb
slax/mesg/pxzht.msb
srvm/admin/getcrshome.exe
srvm/admin/ocrlog.ini
srvm/jlib/srvctl.jar
srvm/mesg/prcaus.msg
srvm/mesg/prccus.msg
srvm/mesg/prcdus.msg
srvm/mesg/prceus.msg
srvm/mesg/prcfus.msg
srvm/mesg/prchus.msg
srvm/mesg/prcius.msg
srvm/mesg/prclus.msg
srvm/mesg/prcnus.msg
srvm/mesg/prcpus.msg
srvm/mesg/prcqus.msg
srvm/mesg/prcrus.msg
srvm/mesg/prcsus.msg
srvm/mesg/prctus.msg
srvm/mesg/prcvus.msg
srvm/mesg/prcwus.msg
srvm/mesg/prczus.msg
srvm/mesg/prgtus.msg
srvm/mesg/prifd.msb
srvm/mesg/prife.msb
srvm/mesg/priff.msb
srvm/mesg/prifi.msb
srvm/mesg/prifja.msb
srvm/mesg/prifko.msb
srvm/mesg/prifptb.msb
srvm/mesg/prifus.msb
srvm/mesg/prkaus.msg
srvm/mesg/prkcus.msg
srvm/mesg/prkdus.msg
srvm/mesg/prkeus.msg
srvm/mesg/prkfus.msg
srvm/mesg/prkhus.msg
srvm/mesg/prknus.msg
srvm/mesg/prkous.msg
srvm/mesg/prkpus.msg
srvm/mesg/prkrus.msg
srvm/mesg/prksus.msg
srvm/mesg/prkuus.msg
srvm/mesg/prkzus.msg
srvm/mesg/prveus.msg
srvm/mesg/prvfus.msg
srvm/mesg/prvgus.msg
srvm/mesg/prvpus.msg
srvm/mesg/sclcus.msg
srvm/mesg/sclsus.msg
suptools/tfa/release/tfa_home/jlib/RATFA.jar
utl/orabase_cleanup.lst
xdk/include/oratypes.h
xdk/mesg/jznar.msb
xdk/mesg/jzncs.msb
xdk/mesg/jznd.msb
xdk/mesg/jzndk.msb
xdk/mesg/jzne.msb
xdk/mesg/jznel.msb
xdk/mesg/jznf.msb
xdk/mesg/jznhu.msb
xdk/mesg/jzni.msb
xdk/mesg/jzniw.msb
xdk/mesg/jznja.msb
xdk/mesg/jznko.msb
xdk/mesg/jznn.msb
xdk/mesg/jznnl.msb
xdk/mesg/jznpl.msb
xdk/mesg/jznpt.msb
xdk/mesg/jznptb.msb
xdk/mesg/jznro.msb
xdk/mesg/jznru.msb
xdk/mesg/jzns.msb
xdk/mesg/jznsf.msb
xdk/mesg/jznsk.msb
xdk/mesg/jznth.msb
xdk/mesg/jzntr.msb
xdk/mesg/jznus.msb
xdk/mesg/jznus.msg
xdk/mesg/jznzhs.msb
xdk/mesg/jznzht.msb
xdk/mesg/lpxar.msb
xdk/mesg/lpxcs.msb
xdk/mesg/lpxd.msb
xdk/mesg/lpxdk.msb
xdk/mesg/lpxe.msb
xdk/mesg/lpxel.msb
xdk/mesg/lpxf.msb
xdk/mesg/lpxhu.msb
xdk/mesg/lpxi.msb
xdk/mesg/lpxiw.msb
xdk/mesg/lpxja.msb
xdk/mesg/lpxko.msb
xdk/mesg/lpxn.msb
xdk/mesg/lpxnl.msb
xdk/mesg/lpxpl.msb
xdk/mesg/lpxpt.msb
xdk/mesg/lpxptb.msb
xdk/mesg/lpxro.msb
xdk/mesg/lpxru.msb
xdk/mesg/lpxs.msb
xdk/mesg/lpxsf.msb
xdk/mesg/lpxsk.msb
xdk/mesg/lpxth.msb
xdk/mesg/lpxtr.msb
xdk/mesg/lpxus.msb
xdk/mesg/lpxus.msg
xdk/mesg/lpxzhs.msb
xdk/mesg/lpxzht.msb
xdk/mesg/lsxar.msb
xdk/mesg/lsxcs.msb
xdk/mesg/lsxd.msb
xdk/mesg/lsxdk.msb
xdk/mesg/lsxe.msb
xdk/mesg/lsxel.msb
xdk/mesg/lsxf.msb
xdk/mesg/lsxhu.msb
xdk/mesg/lsxi.msb
xdk/mesg/lsxiw.msb
xdk/mesg/lsxja.msb
xdk/mesg/lsxko.msb
xdk/mesg/lsxn.msb
xdk/mesg/lsxnl.msb
xdk/mesg/lsxpl.msb
xdk/mesg/lsxpt.msb
xdk/mesg/lsxptb.msb
xdk/mesg/lsxro.msb
xdk/mesg/lsxru.msb
xdk/mesg/lsxs.msb
xdk/mesg/lsxsf.msb
xdk/mesg/lsxsk.msb
xdk/mesg/lsxth.msb
xdk/mesg/lsxtr.msb
xdk/mesg/lsxus.msb
xdk/mesg/lsxus.msg
xdk/mesg/lsxzhs.msb
xdk/mesg/lsxzht.msb
