###############################################################################
# Copyright (c) 2004, 2017, Oracle and/or its affiliates. All rights reserved.
#
#
#  NAME
#    oidContextUpgradeFrom90510.lst - <one-line expansion of the name>
#
#  DESCRIPTION
#    <short description of the directory actions this file performs>
#
#  OID VERSION DEPENDENCY
#    This ldif meta-file will only work with OID versions 
#    <version#, e.g. 9.0.4> and above.
#
#  SUBSTITUTION VARIABLES
#    %s_VarName%: <Variable description>
#
#  NOTES
#    <useful information about this file>
#
#  REVISION HISTORY
#  MODIFIED   (MM/DD/YY)
#
###############################################################################

oidContextUpgradeFrom90510Common.sbs

# Upgrade the OC Schema version to 90600. 
# This should be the last entry in this FILE !!!!!

oidContextUpgradeVersionTo90600.sbs

###############################################################################
## End of file oidContextUpgradeFrom90510.lst
###############################################################################

